Release 14.7 - xst P.20131013 (lin64)
Copyright (c) 1995-2013 Xilinx, Inc.  All rights reserved.
--> 
Parameter TMPDIR set to xst/projnav.tmp


Total REAL time to Xst completion: 0.00 secs
Total CPU time to Xst completion: 0.06 secs
 
--> 
Parameter xsthdpdir set to xst


Total REAL time to Xst completion: 0.00 secs
Total CPU time to Xst completion: 0.06 secs
 
--> 
Reading design: main.prj

TABLE OF CONTENTS
  1) Synthesis Options Summary
  2) HDL Compilation
  3) Design Hierarchy Analysis
  4) HDL Analysis
  5) HDL Synthesis
     5.1) HDL Synthesis Report
  6) Advanced HDL Synthesis
     6.1) Advanced HDL Synthesis Report
  7) Low Level Synthesis
  8) Partition Report
  9) Final Report
	9.1) Device utilization summary
	9.2) Partition Resource Summary
	9.3) TIMING REPORT


=========================================================================
*                      Synthesis Options Summary                        *
=========================================================================
---- Source Parameters
Input File Name                    : "main.prj"
Input Format                       : mixed
Ignore Synthesis Constraint File   : NO

---- Target Parameters
Output File Name                   : "main"
Output Format                      : NGC
Target Device                      : xc3s200-5-ft256

---- Source Options
Top Module Name                    : main
Automatic FSM Extraction           : YES
FSM Encoding Algorithm             : Auto
Safe Implementation                : No
FSM Style                          : LUT
RAM Extraction                     : Yes
RAM Style                          : Auto
ROM Extraction                     : Yes
Mux Style                          : Auto
Decoder Extraction                 : YES
Priority Encoder Extraction        : Yes
Shift Register Extraction          : YES
Logical Shifter Extraction         : YES
XOR Collapsing                     : YES
ROM Style                          : Auto
Mux Extraction                     : Yes
Resource Sharing                   : YES
Asynchronous To Synchronous        : NO
Multiplier Style                   : Auto
Automatic Register Balancing       : No

---- Target Options
Add IO Buffers                     : YES
Global Maximum Fanout              : 100000
Add Generic Clock Buffer(BUFG)     : 8
Register Duplication               : YES
Slice Packing                      : YES
Optimize Instantiated Primitives   : NO
Use Clock Enable                   : Yes
Use Synchronous Set                : Yes
Use Synchronous Reset              : Yes
Pack IO Registers into IOBs        : Auto
Equivalent register Removal        : YES

---- General Options
Optimization Goal                  : Speed
Optimization Effort                : 1
Keep Hierarchy                     : No
Netlist Hierarchy                  : As_Optimized
RTL Output                         : Yes
Global Optimization                : AllClockNets
Read Cores                         : YES
Write Timing Constraints           : NO
Cross Clock Analysis               : NO
Hierarchy Separator                : /
Bus Delimiter                      : <>
Case Specifier                     : Maintain
Slice Utilization Ratio            : 100
BRAM Utilization Ratio             : 100
Verilog 2001                       : YES
Auto BRAM Packing                  : NO
Slice Utilization Ratio Delta      : 5

=========================================================================


=========================================================================
*                          HDL Compilation                              *
=========================================================================
Compiling verilog file "seven_segment_driver.v" in library work
Compiling verilog file "led_decode.v" in library work
Module <seven_segment_driver> compiled
Compiling verilog file "lab3.v" in library work
Module <led_decode> compiled
Compiling verilog file "lab2_example.v" in library work
Module <lab3> compiled
Compiling verilog file "main.v" in library work
Module <lab2_example> compiled
Module <main> compiled
No errors in compilation
Analysis of file <"main.prj"> succeeded.
 

=========================================================================
*                     Design Hierarchy Analysis                         *
=========================================================================
Analyzing hierarchy for module <main> in library <work>.

Analyzing hierarchy for module <lab2_example> in library <work> with parameters.
	STATE0 = "11"
	STATE1 = "00"
	STATE2 = "10"
	STATE3 = "01"

Analyzing hierarchy for module <lab3> in library <work> with parameters.
	s0 = "000"
	s1 = "001"
	s2 = "010"
	s3 = "011"
	s4 = "100"
	s5 = "101"

Analyzing hierarchy for module <seven_segment_driver> in library <work>.

Analyzing hierarchy for module <led_decode> in library <work>.


=========================================================================
*                            HDL Analysis                               *
=========================================================================
Analyzing top module <main>.
Module <main> is correct for synthesis.
 
Analyzing module <lab2_example> in library <work>.
	STATE0 = 2'b11
	STATE1 = 2'b00
	STATE2 = 2'b10
	STATE3 = 2'b01
Module <lab2_example> is correct for synthesis.
 
Analyzing module <lab3> in library <work>.
	s0 = 3'b000
	s1 = 3'b001
	s2 = 3'b010
	s3 = 3'b011
	s4 = 3'b100
	s5 = 3'b101
Module <lab3> is correct for synthesis.
 
Analyzing module <seven_segment_driver> in library <work>.
Module <seven_segment_driver> is correct for synthesis.
 
Analyzing module <led_decode> in library <work>.
Module <led_decode> is correct for synthesis.
 

=========================================================================
*                           HDL Synthesis                               *
=========================================================================

Performing bidirectional port resolution...

Synthesizing Unit <lab2_example>.
    Related source file is "lab2_example.v".
    Found 21-bit up counter for signal <counter>.
    Found 2-bit register for signal <s>.
    Summary:
	inferred   1 Counter(s).
	inferred   2 D-type flip-flop(s).
Unit <lab2_example> synthesized.


Synthesizing Unit <lab3>.
    Related source file is "lab3.v".
    Found finite state machine <FSM_0> for signal <state>.
    -----------------------------------------------------------------------
    | States             | 6                                              |
    | Transitions        | 55                                             |
    | Inputs             | 8                                              |
    | Outputs            | 6                                              |
    | Clock              | clk                       (rising_edge)        |
    | Clock enable       | en                        (positive)           |
    | Reset              | rst                       (positive)           |
    | Reset type         | synchronous                                    |
    | Reset State        | 000                                            |
    | Encoding           | automatic                                      |
    | Implementation     | LUT                                            |
    -----------------------------------------------------------------------
WARNING:Xst:737 - Found 8-bit latch for signal <C>. Latches may be generated from incomplete case or if statements. We do not recommend the use of latches in FPGA/CPLD designs, as they may lead to timing problems.
INFO:Xst:2371 - HDL ADVISOR - Logic functions respectively driving the data and gate enable inputs of this latch share common terms. This situation will potentially lead to setup/hold violations and, as a result, to simulation problems. This situation may come from an incomplete case statement (all selector values are not covered). You should carefully review if it was in your intentions to describe such a latch.
    Summary:
	inferred   1 Finite State Machine(s).
Unit <lab3> synthesized.


Synthesizing Unit <seven_segment_driver>.
    Related source file is "seven_segment_driver.v".
    Found 4-bit register for signal <a>.
    Summary:
	inferred   4 D-type flip-flop(s).
Unit <seven_segment_driver> synthesized.


Synthesizing Unit <led_decode>.
    Related source file is "led_decode.v".
    Found 16x8-bit ROM for signal <seg_data>.
    Summary:
	inferred   1 ROM(s).
Unit <led_decode> synthesized.


Synthesizing Unit <main>.
    Related source file is "main.v".
WARNING:Xst:646 - Signal <main_counter> is assigned but never used. This unconnected signal will be trimmed during the optimization process.
    Found 1-bit register for signal <cnt_ff>.
    Found 17-bit up counter for signal <counter>.
    Summary:
	inferred   1 Counter(s).
	inferred   1 D-type flip-flop(s).
Unit <main> synthesized.


=========================================================================
HDL Synthesis Report

Macro Statistics
# ROMs                                                 : 1
 16x8-bit ROM                                          : 1
# Counters                                             : 2
 17-bit up counter                                     : 1
 21-bit up counter                                     : 1
# Registers                                            : 3
 1-bit register                                        : 1
 2-bit register                                        : 1
 4-bit register                                        : 1
# Latches                                              : 1
 8-bit latch                                           : 1

=========================================================================

=========================================================================
*                       Advanced HDL Synthesis                          *
=========================================================================

Analyzing FSM <FSM_0> for best encoding.
Optimizing FSM <lab3_inst/state/FSM> on signal <state[1:3]> with user encoding.
-------------------
 State | Encoding
-------------------
 000   | 000
 010   | 010
 100   | 100
 001   | 001
 101   | 101
 011   | 011
-------------------

=========================================================================
Advanced HDL Synthesis Report

Macro Statistics
# FSMs                                                 : 1
# ROMs                                                 : 1
 16x8-bit ROM                                          : 1
# Counters                                             : 2
 17-bit up counter                                     : 1
 21-bit up counter                                     : 1
# Registers                                            : 7
 Flip-Flops                                            : 7
# Latches                                              : 1
 8-bit latch                                           : 1

=========================================================================

=========================================================================
*                         Low Level Synthesis                           *
=========================================================================

Optimizing unit <main> ...

Optimizing unit <lab2_example> ...

Optimizing unit <lab3> ...
WARNING:Xst:1294 - Latch <C_0> is equivalent to a wire in block <lab3>.
WARNING:Xst:1294 - Latch <C_1> is equivalent to a wire in block <lab3>.
WARNING:Xst:1294 - Latch <C_2> is equivalent to a wire in block <lab3>.
WARNING:Xst:1294 - Latch <C_3> is equivalent to a wire in block <lab3>.
WARNING:Xst:1294 - Latch <C_4> is equivalent to a wire in block <lab3>.
WARNING:Xst:1294 - Latch <C_5> is equivalent to a wire in block <lab3>.
WARNING:Xst:1294 - Latch <C_6> is equivalent to a wire in block <lab3>.
WARNING:Xst:1294 - Latch <C_7> is equivalent to a wire in block <lab3>.

Mapping all equations...
Building and optimizing final netlist ...
Found area constraint ratio of 100 (+ 5) on block main, actual ratio is 3.

Final Macro Processing ...

=========================================================================
Final Register Report

Macro Statistics
# Registers                                            : 48
 Flip-Flops                                            : 48

=========================================================================

=========================================================================
*                           Partition Report                            *
=========================================================================

Partition Implementation Status
-------------------------------

  No Partitions were found in this design.

-------------------------------

=========================================================================
*                            Final Report                               *
=========================================================================
Final Results
RTL Top Level Output File Name     : main.ngr
Top Level Output File Name         : main
Output Format                      : NGC
Optimization Goal                  : Speed
Keep Hierarchy                     : No

Design Statistics
# IOs                              : 36

Cell Usage :
# BELS                             : 215
#      GND                         : 1
#      INV                         : 5
#      LUT1                        : 36
#      LUT2                        : 8
#      LUT3                        : 15
#      LUT3_L                      : 2
#      LUT4                        : 56
#      LUT4_L                      : 2
#      MUXCY                       : 41
#      MUXF5                       : 10
#      VCC                         : 1
#      XORCY                       : 38
# FlipFlops/Latches                : 48
#      FDR                         : 39
#      FDRE                        : 4
#      FDS                         : 1
#      FDSE                        : 4
# Clock Buffers                    : 1
#      BUFGP                       : 1
# IO Buffers                       : 35
#      IBUF                        : 10
#      OBUF                        : 25
=========================================================================

Device utilization summary:
---------------------------

Selected Device : 3s200ft256-5 

 Number of Slices:                       68  out of   1920     3%  
 Number of Slice Flip Flops:             48  out of   3840     1%  
 Number of 4 input LUTs:                124  out of   3840     3%  
 Number of IOs:                          36
 Number of bonded IOBs:                  36  out of    173    20%  
 Number of GCLKs:                         1  out of      8    12%  

---------------------------
Partition Resource Summary:
---------------------------

  No Partitions were found in this design.

---------------------------


=========================================================================
TIMING REPORT

NOTE: THESE TIMING NUMBERS ARE ONLY A SYNTHESIS ESTIMATE.
      FOR ACCURATE TIMING INFORMATION PLEASE REFER TO THE TRACE REPORT
      GENERATED AFTER PLACE-and-ROUTE.

Clock Information:
------------------
-----------------------------------+------------------------+-------+
Clock Signal                       | Clock buffer(FF name)  | Load  |
-----------------------------------+------------------------+-------+
clk                                | BUFGP                  | 48    |
-----------------------------------+------------------------+-------+

Asynchronous Control Signals Information:
----------------------------------------
No asynchronous control signals found in this design

Timing Summary:
---------------
Speed Grade: -5

   Minimum period: 6.404ns (Maximum Frequency: 156.151MHz)
   Minimum input arrival time before clock: 7.305ns
   Maximum output required time after clock: 13.118ns
   Maximum combinational path delay: 13.950ns

Timing Detail:
--------------
All values displayed in nanoseconds (ns)

=========================================================================
Timing constraint: Default period analysis for Clock 'clk'
  Clock period: 6.404ns (frequency: 156.151MHz)
  Total number of paths / destination ports: 818 / 93
-------------------------------------------------------------------------
Delay:               6.404ns (Levels of Logic = 6)
  Source:            counter_9 (FF)
  Destination:       counter_0 (FF)
  Source Clock:      clk rising
  Destination Clock: clk rising

  Data Path: counter_9 to counter_0
                                Gate     Net
    Cell:in->out      fanout   Delay   Delay  Logical Name (Net Name)
    ----------------------------------------  ------------
     FDR:C->Q              2   0.626   1.040  counter_9 (counter_9)
     LUT4:I0->O            1   0.479   0.000  counter_or00001_wg_lut<1> (counter_or00001_wg_lut<1>)
     MUXCY:S->O            1   0.435   0.000  counter_or00001_wg_cy<1> (counter_or00001_wg_cy<1>)
     MUXCY:CI->O           1   0.056   0.000  counter_or00001_wg_cy<2> (counter_or00001_wg_cy<2>)
     MUXCY:CI->O           1   0.056   0.000  counter_or00001_wg_cy<3> (counter_or00001_wg_cy<3>)
     MUXCY:CI->O           5   0.246   0.953  counter_or00001_wg_cy<4> (counter_or00001_wg_cy<4>)
     LUT2:I1->O           17   0.479   1.143  counter_or00001 (counter_or0000)
     FDR:R                     0.892          counter_0
    ----------------------------------------
    Total                      6.404ns (3.267ns logic, 3.137ns route)
                                       (51.0% logic, 49.0% route)

=========================================================================
Timing constraint: Default OFFSET IN BEFORE for Clock 'clk'
  Total number of paths / destination ports: 134 / 53
-------------------------------------------------------------------------
Offset:              7.305ns (Levels of Logic = 6)
  Source:            U<2> (PAD)
  Destination:       lab3_inst/state_FSM_FFd3 (FF)
  Destination Clock: clk rising

  Data Path: U<2> to lab3_inst/state_FSM_FFd3
                                Gate     Net
    Cell:in->out      fanout   Delay   Delay  Logical Name (Net Name)
    ----------------------------------------  ------------
     IBUF:I->O            19   0.715   1.528  U_2_IBUF (U_2_IBUF)
     LUT4:I0->O            1   0.479   0.851  lab3_inst/C_or0006_SW0 (N6)
     LUT4:I1->O            3   0.479   1.066  lab3_inst/C_or0006 (lab3_inst/C_or0006)
     LUT3:I0->O            1   0.479   0.000  lab3_inst/state_FSM_FFd3-In662 (lab3_inst/state_FSM_FFd3-In662)
     MUXF5:I0->O           1   0.314   0.740  lab3_inst/state_FSM_FFd3-In66_f5 (lab3_inst/state_FSM_FFd3-In66)
     LUT4:I2->O            1   0.479   0.000  lab3_inst/state_FSM_FFd3-In78 (lab3_inst/state_FSM_FFd3-In)
     FDRE:D                    0.176          lab3_inst/state_FSM_FFd3
    ----------------------------------------
    Total                      7.305ns (3.121ns logic, 4.184ns route)
                                       (42.7% logic, 57.3% route)

=========================================================================
Timing constraint: Default OFFSET OUT AFTER for Clock 'clk'
  Total number of paths / destination ports: 112 / 24
-------------------------------------------------------------------------
Offset:              13.118ns (Levels of Logic = 6)
  Source:            lab3_inst/state_FSM_FFd2 (FF)
  Destination:       C_to_print<5> (PAD)
  Source Clock:      clk rising

  Data Path: lab3_inst/state_FSM_FFd2 to C_to_print<5>
                                Gate     Net
    Cell:in->out      fanout   Delay   Delay  Logical Name (Net Name)
    ----------------------------------------  ------------
     FDRE:C->Q            23   0.626   1.616  lab3_inst/state_FSM_FFd2 (lab3_inst/state_FSM_FFd2)
     LUT2:I1->O            4   0.479   0.949  lab3_inst/state_FSM_FFd1-In411 (lab3_inst/N24)
     LUT3:I1->O            1   0.479   0.000  lab3_inst/C_mux0000<1>3_F (N36)
     MUXF5:I0->O           2   0.314   1.040  lab3_inst/C_mux0000<1>3 (lab3_inst/N12)
     LUT2:I0->O            3   0.479   1.066  lab3_inst/C_mux0000<2>11 (lab3_inst/N4)
     LUT4:I0->O            1   0.479   0.681  lab3_inst/C_mux0000<5> (C_to_print_5_OBUF)
     OBUF:I->O                 4.909          C_to_print_5_OBUF (C_to_print<5>)
    ----------------------------------------
    Total                     13.118ns (7.765ns logic, 5.353ns route)
                                       (59.2% logic, 40.8% route)

=========================================================================
Timing constraint: Default path analysis
  Total number of paths / destination ports: 196 / 8
-------------------------------------------------------------------------
Delay:               13.950ns (Levels of Logic = 7)
  Source:            U<2> (PAD)
  Destination:       C_to_print<1> (PAD)

  Data Path: U<2> to C_to_print<1>
                                Gate     Net
    Cell:in->out      fanout   Delay   Delay  Logical Name (Net Name)
    ----------------------------------------  ------------
     IBUF:I->O            19   0.715   1.528  U_2_IBUF (U_2_IBUF)
     LUT4:I0->O            1   0.479   0.851  lab3_inst/C_or0006_SW0 (N6)
     LUT4:I1->O            3   0.479   1.066  lab3_inst/C_or0006 (lab3_inst/C_or0006)
     LUT3:I0->O            3   0.479   0.830  lab3_inst/C_mux0000<1>41 (lab3_inst/N17)
     LUT4:I2->O            1   0.479   0.976  lab3_inst/C_mux0000<1>_SW0 (N8)
     LUT4:I0->O            1   0.479   0.681  lab3_inst/C_mux0000<1> (C_to_print_1_OBUF)
     OBUF:I->O                 4.909          C_to_print_1_OBUF (C_to_print<1>)
    ----------------------------------------
    Total                     13.950ns (8.019ns logic, 5.931ns route)
                                       (57.5% logic, 42.5% route)

=========================================================================


Total REAL time to Xst completion: 7.00 secs
Total CPU time to Xst completion: 6.09 secs
 
--> 


Total memory usage is 509296 kilobytes

Number of errors   :    0 (   0 filtered)
Number of warnings :   11 (   0 filtered)
Number of infos    :    1 (   0 filtered)

