Release 14.7 - xst P.20131013 (lin64)
Copyright (c) 1995-2013 Xilinx, Inc.  All rights reserved.
--> 
Parameter TMPDIR set to xst/projnav.tmp


Total REAL time to Xst completion: 0.00 secs
Total CPU time to Xst completion: 0.08 secs
 
--> 
Parameter xsthdpdir set to xst


Total REAL time to Xst completion: 0.00 secs
Total CPU time to Xst completion: 0.08 secs
 
--> 
Reading design: automata.prj

TABLE OF CONTENTS
  1) Synthesis Options Summary
  2) HDL Compilation
  3) Design Hierarchy Analysis
  4) HDL Analysis
  5) HDL Synthesis
     5.1) HDL Synthesis Report
  6) Advanced HDL Synthesis
     6.1) Advanced HDL Synthesis Report
  7) Low Level Synthesis
  8) Partition Report
  9) Final Report
	9.1) Device utilization summary
	9.2) Partition Resource Summary
	9.3) TIMING REPORT


=========================================================================
*                      Synthesis Options Summary                        *
=========================================================================
---- Source Parameters
Input File Name                    : "automata.prj"
Input Format                       : mixed
Ignore Synthesis Constraint File   : NO

---- Target Parameters
Output File Name                   : "automata"
Output Format                      : NGC
Target Device                      : xc3s200-5-pq208

---- Source Options
Top Module Name                    : automata
Automatic FSM Extraction           : YES
FSM Encoding Algorithm             : Auto
Safe Implementation                : No
FSM Style                          : LUT
RAM Extraction                     : Yes
RAM Style                          : Auto
ROM Extraction                     : Yes
Mux Style                          : Auto
Decoder Extraction                 : YES
Priority Encoder Extraction        : Yes
Shift Register Extraction          : YES
Logical Shifter Extraction         : YES
XOR Collapsing                     : YES
ROM Style                          : Auto
Mux Extraction                     : Yes
Resource Sharing                   : YES
Asynchronous To Synchronous        : NO
Multiplier Style                   : Auto
Automatic Register Balancing       : No

---- Target Options
Add IO Buffers                     : YES
Global Maximum Fanout              : 100000
Add Generic Clock Buffer(BUFG)     : 8
Register Duplication               : YES
Slice Packing                      : YES
Optimize Instantiated Primitives   : NO
Use Clock Enable                   : Yes
Use Synchronous Set                : Yes
Use Synchronous Reset              : Yes
Pack IO Registers into IOBs        : Auto
Equivalent register Removal        : YES

---- General Options
Optimization Goal                  : Speed
Optimization Effort                : 1
Keep Hierarchy                     : No
Netlist Hierarchy                  : As_Optimized
RTL Output                         : Yes
Global Optimization                : AllClockNets
Read Cores                         : YES
Write Timing Constraints           : NO
Cross Clock Analysis               : NO
Hierarchy Separator                : /
Bus Delimiter                      : <>
Case Specifier                     : Maintain
Slice Utilization Ratio            : 100
BRAM Utilization Ratio             : 100
Verilog 2001                       : YES
Auto BRAM Packing                  : NO
Slice Utilization Ratio Delta      : 5

=========================================================================


=========================================================================
*                          HDL Compilation                              *
=========================================================================
Compiling verilog file "automata.v" in library work
Module <automata> compiled
No errors in compilation
Analysis of file <"automata.prj"> succeeded.
 

=========================================================================
*                     Design Hierarchy Analysis                         *
=========================================================================
Analyzing hierarchy for module <automata> in library <work> with parameters.
	N0 = "000"
	N1 = "001"
	N2 = "010"
	N3 = "011"
	N4 = "100"
	N5 = "101"


=========================================================================
*                            HDL Analysis                               *
=========================================================================
Analyzing top module <automata>.
	N0 = 3'b000
	N1 = 3'b001
	N2 = 3'b010
	N3 = 3'b011
	N4 = 3'b100
	N5 = 3'b101
Module <automata> is correct for synthesis.
 

=========================================================================
*                           HDL Synthesis                               *
=========================================================================

Performing bidirectional port resolution...

Synthesizing Unit <automata>.
    Related source file is "automata.v".
    Found finite state machine <FSM_0> for signal <state>.
    -----------------------------------------------------------------------
    | States             | 6                                              |
    | Transitions        | 30                                             |
    | Inputs             | 8                                              |
    | Outputs            | 6                                              |
    | Clock              | clk                       (rising_edge)        |
    | Reset              | rst                       (positive)           |
    | Reset type         | synchronous                                    |
    | Reset State        | 000                                            |
    | Encoding           | automatic                                      |
    | Implementation     | LUT                                            |
    -----------------------------------------------------------------------
    Found 8-bit register for signal <C>.
    Summary:
	inferred   1 Finite State Machine(s).
	inferred   8 D-type flip-flop(s).
Unit <automata> synthesized.


=========================================================================
HDL Synthesis Report

Macro Statistics
# Registers                                            : 1
 8-bit register                                        : 1

=========================================================================

=========================================================================
*                       Advanced HDL Synthesis                          *
=========================================================================

Analyzing FSM <FSM_0> for best encoding.
Optimizing FSM <state/FSM> on signal <state[1:3]> with sequential encoding.
-------------------
 State | Encoding
-------------------
 000   | 000
 001   | 011
 010   | 001
 011   | 010
 100   | 100
 101   | 101
-------------------

=========================================================================
Advanced HDL Synthesis Report

Macro Statistics
# FSMs                                                 : 1
# Registers                                            : 8
 Flip-Flops                                            : 8

=========================================================================

=========================================================================
*                         Low Level Synthesis                           *
=========================================================================

Optimizing unit <automata> ...

Mapping all equations...
Building and optimizing final netlist ...
Found area constraint ratio of 100 (+ 5) on block automata, actual ratio is 2.

Final Macro Processing ...

=========================================================================
Final Register Report

Macro Statistics
# Registers                                            : 11
 Flip-Flops                                            : 11

=========================================================================

=========================================================================
*                           Partition Report                            *
=========================================================================

Partition Implementation Status
-------------------------------

  No Partitions were found in this design.

-------------------------------

=========================================================================
*                            Final Report                               *
=========================================================================
Final Results
RTL Top Level Output File Name     : automata.ngr
Top Level Output File Name         : automata
Output Format                      : NGC
Optimization Goal                  : Speed
Keep Hierarchy                     : No

Design Statistics
# IOs                              : 18

Cell Usage :
# BELS                             : 88
#      INV                         : 1
#      LUT2                        : 7
#      LUT3                        : 16
#      LUT3_L                      : 3
#      LUT4                        : 42
#      LUT4_D                      : 2
#      LUT4_L                      : 9
#      MUXF5                       : 8
# FlipFlops/Latches                : 11
#      FDE                         : 8
#      FDR                         : 1
#      FDRS                        : 2
# Clock Buffers                    : 1
#      BUFGP                       : 1
# IO Buffers                       : 17
#      IBUF                        : 9
#      OBUF                        : 8
=========================================================================

Device utilization summary:
---------------------------

Selected Device : 3s200pq208-5 

 Number of Slices:                       42  out of   1920     2%  
 Number of Slice Flip Flops:             11  out of   3840     0%  
 Number of 4 input LUTs:                 80  out of   3840     2%  
 Number of IOs:                          18
 Number of bonded IOBs:                  18  out of    141    12%  
 Number of GCLKs:                         1  out of      8    12%  

---------------------------
Partition Resource Summary:
---------------------------

  No Partitions were found in this design.

---------------------------


=========================================================================
TIMING REPORT

NOTE: THESE TIMING NUMBERS ARE ONLY A SYNTHESIS ESTIMATE.
      FOR ACCURATE TIMING INFORMATION PLEASE REFER TO THE TRACE REPORT
      GENERATED AFTER PLACE-and-ROUTE.

Clock Information:
------------------
-----------------------------------+------------------------+-------+
Clock Signal                       | Clock buffer(FF name)  | Load  |
-----------------------------------+------------------------+-------+
clk                                | BUFGP                  | 11    |
-----------------------------------+------------------------+-------+

Asynchronous Control Signals Information:
----------------------------------------
No asynchronous control signals found in this design

Timing Summary:
---------------
Speed Grade: -5

   Minimum period: 6.023ns (Maximum Frequency: 166.031MHz)
   Minimum input arrival time before clock: 8.167ns
   Maximum output required time after clock: 6.306ns
   Maximum combinational path delay: No path found

Timing Detail:
--------------
All values displayed in nanoseconds (ns)

=========================================================================
Timing constraint: Default period analysis for Clock 'clk'
  Clock period: 6.023ns (frequency: 166.031MHz)
  Total number of paths / destination ports: 140 / 13
-------------------------------------------------------------------------
Delay:               6.023ns (Levels of Logic = 4)
  Source:            state_FSM_FFd2 (FF)
  Destination:       C_5 (FF)
  Source Clock:      clk rising
  Destination Clock: clk rising

  Data Path: state_FSM_FFd2 to C_5
                                Gate     Net
    Cell:in->out      fanout   Delay   Delay  Logical Name (Net Name)
    ----------------------------------------  ------------
     FDRS:C->Q            28   0.626   1.726  state_FSM_FFd2 (state_FSM_FFd2)
     LUT2:I1->O            2   0.479   1.040  C_mux0000<2>5 (C_mux0000<2>5)
     LUT4:I0->O            1   0.479   0.000  C_mux0000<2>26_F (N56)
     MUXF5:I0->O           1   0.314   0.704  C_mux0000<2>26 (C_mux0000<2>26)
     LUT4:I3->O            1   0.479   0.000  C_mux0000<2>47 (C_mux0000<2>)
     FDE:D                     0.176          C_5
    ----------------------------------------
    Total                      6.023ns (2.553ns logic, 3.470ns route)
                                       (42.4% logic, 57.6% route)

=========================================================================
Timing constraint: Default OFFSET IN BEFORE for Clock 'clk'
  Total number of paths / destination ports: 274 / 24
-------------------------------------------------------------------------
Offset:              8.167ns (Levels of Logic = 7)
  Source:            U<4> (PAD)
  Destination:       C_5 (FF)
  Destination Clock: clk rising

  Data Path: U<4> to C_5
                                Gate     Net
    Cell:in->out      fanout   Delay   Delay  Logical Name (Net Name)
    ----------------------------------------  ------------
     IBUF:I->O            19   0.715   1.403  U_4_IBUF (U_4_IBUF)
     LUT4:I1->O            1   0.479   0.704  C_or0003_SW0 (N2)
     LUT4:I3->O            5   0.479   0.842  C_or0003 (C_or0003)
     LUT3:I2->O            2   0.479   0.915  C_mux0000<2>31 (N23)
     LUT4:I1->O            1   0.479   0.000  C_mux0000<2>26_F (N56)
     MUXF5:I0->O           1   0.314   0.704  C_mux0000<2>26 (C_mux0000<2>26)
     LUT4:I3->O            1   0.479   0.000  C_mux0000<2>47 (C_mux0000<2>)
     FDE:D                     0.176          C_5
    ----------------------------------------
    Total                      8.167ns (3.600ns logic, 4.568ns route)
                                       (44.1% logic, 55.9% route)

=========================================================================
Timing constraint: Default OFFSET OUT AFTER for Clock 'clk'
  Total number of paths / destination ports: 8 / 8
-------------------------------------------------------------------------
Offset:              6.306ns (Levels of Logic = 1)
  Source:            C_7 (FF)
  Destination:       C<7> (PAD)
  Source Clock:      clk rising

  Data Path: C_7 to C<7>
                                Gate     Net
    Cell:in->out      fanout   Delay   Delay  Logical Name (Net Name)
    ----------------------------------------  ------------
     FDE:C->Q              3   0.626   0.771  C_7 (C_7)
     OBUF:I->O                 4.909          C_7_OBUF (C<7>)
    ----------------------------------------
    Total                      6.306ns (5.535ns logic, 0.771ns route)
                                       (87.8% logic, 12.2% route)

=========================================================================


Total REAL time to Xst completion: 9.00 secs
Total CPU time to Xst completion: 8.62 secs
 
--> 


Total memory usage is 503528 kilobytes

Number of errors   :    0 (   0 filtered)
Number of warnings :    0 (   0 filtered)
Number of infos    :    0 (   0 filtered)

