Release 14.7 - xst P.20131013 (lin64)
Copyright (c) 1995-2013 Xilinx, Inc.  All rights reserved.
--> 
Parameter TMPDIR set to xst/projnav.tmp


Total REAL time to Xst completion: 0.00 secs
Total CPU time to Xst completion: 0.05 secs
 
--> 
Parameter xsthdpdir set to xst


Total REAL time to Xst completion: 0.00 secs
Total CPU time to Xst completion: 0.05 secs
 
--> 
Reading design: cla_checker.prj

TABLE OF CONTENTS
  1) Synthesis Options Summary
  2) HDL Parsing
  3) HDL Elaboration
  4) HDL Synthesis
       4.1) HDL Synthesis Report
  5) Advanced HDL Synthesis
       5.1) Advanced HDL Synthesis Report
  6) Low Level Synthesis
  7) Partition Report
  8) Design Summary
       8.1) Primitive and Black Box Usage
       8.2) Device utilization summary
       8.3) Partition Resource Summary
       8.4) Timing Report
            8.4.1) Clock Information
            8.4.2) Asynchronous Control Signals Information
            8.4.3) Timing Summary
            8.4.4) Timing Details
            8.4.5) Cross Clock Domains Report


=========================================================================
*                      Synthesis Options Summary                        *
=========================================================================
---- Source Parameters
Input File Name                    : "cla_checker.prj"
Ignore Synthesis Constraint File   : NO

---- Target Parameters
Output File Name                   : "cla_checker"
Output Format                      : NGC
Target Device                      : xc6vlx240t-1-ff1156

---- Source Options
Top Module Name                    : cla_checker
Automatic FSM Extraction           : YES
FSM Encoding Algorithm             : Auto
Safe Implementation                : No
FSM Style                          : LUT
RAM Extraction                     : Yes
RAM Style                          : Auto
ROM Extraction                     : Yes
Shift Register Extraction          : YES
ROM Style                          : Auto
Resource Sharing                   : YES
Asynchronous To Synchronous        : NO
Shift Register Minimum Size        : 2
Use DSP Block                      : Auto
Automatic Register Balancing       : No

---- Target Options
LUT Combining                      : Auto
Reduce Control Sets                : Auto
Add IO Buffers                     : YES
Global Maximum Fanout              : 100000
Add Generic Clock Buffer(BUFG)     : 32
Register Duplication               : YES
Optimize Instantiated Primitives   : NO
Use Clock Enable                   : Auto
Use Synchronous Set                : Auto
Use Synchronous Reset              : Auto
Pack IO Registers into IOBs        : Auto
Equivalent register Removal        : YES

---- General Options
Optimization Goal                  : Speed
Optimization Effort                : 1
Power Reduction                    : NO
Keep Hierarchy                     : No
Netlist Hierarchy                  : As_Optimized
RTL Output                         : Yes
Global Optimization                : AllClockNets
Read Cores                         : YES
Write Timing Constraints           : NO
Cross Clock Analysis               : NO
Hierarchy Separator                : /
Bus Delimiter                      : <>
Case Specifier                     : Maintain
Slice Utilization Ratio            : 100
BRAM Utilization Ratio             : 100
DSP48 Utilization Ratio            : 100
Auto BRAM Packing                  : NO
Slice Utilization Ratio Delta      : 5

---- Other Options
Cores Search Directories           : {"ipcore_dir"  }

=========================================================================


=========================================================================
*                          HDL Parsing                                  *
=========================================================================
Analyzing Verilog file "/mnt/c/repos/bmstu-ics6/ecm/lab1/part3/ipcore_dir/ila.v" into library work
Parsing module <ila>.
Analyzing Verilog file "/mnt/c/repos/bmstu-ics6/ecm/lab1/part3/ipcore_dir/icon.v" into library work
Parsing module <icon>.
Analyzing Verilog file "/mnt/c/repos/bmstu-ics6/ecm/lab1/lfsr.v" into library work
Parsing module <lfsr>.
Analyzing Verilog file "/mnt/c/repos/bmstu-ics6/ecm/lab1/cla_checker.v" into library work
Parsing module <cla_checker>.

=========================================================================
*                            HDL Elaboration                            *
=========================================================================
WARNING:HDLCompiler:1016 - "/mnt/c/repos/bmstu-ics6/ecm/lab1/cla_checker.v" Line 58: Port CLK is not connected to this instance

Elaborating module <cla_checker>.

Elaborating module <lfsr>.
WARNING:HDLCompiler:1127 - "/mnt/c/repos/bmstu-ics6/ecm/lab1/cla_checker.v" Line 39: Assignment to f ignored, since the identifier is never used

Elaborating module <icon>.

Elaborating module <ila>.
WARNING:HDLCompiler:189 - "/mnt/c/repos/bmstu-ics6/ecm/lab1/cla_checker.v" Line 65: Size mismatch in connection of port <TRIG0>. Formal port size is 177-bit while actual signal size is 195-bit.
WARNING:HDLCompiler:189 - "/mnt/c/repos/bmstu-ics6/ecm/lab1/cla_checker.v" Line 66: Size mismatch in connection of port <TRIG1>. Formal port size is 177-bit while actual signal size is 195-bit.
WARNING:HDLCompiler:189 - "/mnt/c/repos/bmstu-ics6/ecm/lab1/cla_checker.v" Line 67: Size mismatch in connection of port <TRIG2>. Formal port size is 177-bit while actual signal size is 195-bit.

=========================================================================
*                           HDL Synthesis                               *
=========================================================================

Synthesizing Unit <cla_checker>.
    Related source file is "/mnt/c/repos/bmstu-ics6/ecm/lab1/cla_checker.v".
        w = 195
    Set property "KEEP = TRUE" for signal <counter>.
    Set property "DONT_TOUCH = TRUE" for signal <counter>.
    Set property "KEEP = TRUE" for signal <a>.
    Set property "DONT_TOUCH = TRUE" for signal <a>.
    Set property "KEEP = TRUE" for signal <b>.
    Set property "DONT_TOUCH = TRUE" for signal <b>.
    Set property "KEEP = TRUE" for signal <sum>.
    Set property "DONT_TOUCH = TRUE" for signal <sum>.
    Found 195-bit register for signal <a>.
    Found 195-bit register for signal <b>.
    Found 195-bit register for signal <sum>.
    Found 1-bit register for signal <error>.
    Found 1-bit register for signal <carry_in>.
    Found 196-bit adder for signal <n0029> created at line 43.
INFO:Xst:2774 - HDL ADVISOR - KEEP property attached to signal sum may hinder XST clustering optimizations.
    Summary:
	inferred   1 Adder/Subtractor(s).
	inferred 587 D-type flip-flop(s).
Unit <cla_checker> synthesized.

Synthesizing Unit <lfsr>.
    Related source file is "/mnt/c/repos/bmstu-ics6/ecm/lab1/lfsr.v".
    Found 195-bit register for signal <q>.
    Summary:
	inferred 195 D-type flip-flop(s).
Unit <lfsr> synthesized.

=========================================================================
HDL Synthesis Report

Macro Statistics
# Adders/Subtractors                                   : 1
 196-bit adder                                         : 1
# Registers                                            : 6
 1-bit register                                        : 2
 195-bit register                                      : 4
# Xors                                                 : 1
 1-bit xor4                                            : 1

=========================================================================

=========================================================================
*                       Advanced HDL Synthesis                          *
=========================================================================

Reading core <ipcore_dir/ila.ngc>.
Reading core <ipcore_dir/icon.ngc>.
Loading core <ila> for timing and area information for instance <ila_inst>.
Loading core <icon> for timing and area information for instance <icon_inst>.
INFO:Xst:1901 - Instance U0/I_NO_D.U_ILA/U_CAPSTOR/I_CASE1.I_YES_TB.U_TRACE_BUFFER/U_RAM/I_V6.U_CS_BRAM_CASCADE_V6/I_DEPTH_LTEQ_32K.U_SBRAM_0/I_B36KGT0.G_RAMB36[0].u_ramb36/U_RAMB36 in unit U0/I_NO_D.U_ILA/U_CAPSTOR/I_CASE1.I_YES_TB.U_TRACE_BUFFER/U_RAM/I_V6.U_CS_BRAM_CASCADE_V6/I_DEPTH_LTEQ_32K.U_SBRAM_0/I_B36KGT0.G_RAMB36[0].u_ramb36/U_RAMB36 of type RAMB36 has been replaced by RAMB36E1
INFO:Xst:1901 - Instance U0/I_NO_D.U_ILA/U_CAPSTOR/I_CASE1.I_YES_TB.U_TRACE_BUFFER/U_RAM/I_V6.U_CS_BRAM_CASCADE_V6/I_DEPTH_LTEQ_32K.U_SBRAM_0/I_B36KGT0.G_RAMB36[1].u_ramb36/U_RAMB36 in unit U0/I_NO_D.U_ILA/U_CAPSTOR/I_CASE1.I_YES_TB.U_TRACE_BUFFER/U_RAM/I_V6.U_CS_BRAM_CASCADE_V6/I_DEPTH_LTEQ_32K.U_SBRAM_0/I_B36KGT0.G_RAMB36[1].u_ramb36/U_RAMB36 of type RAMB36 has been replaced by RAMB36E1
INFO:Xst:1901 - Instance U0/I_NO_D.U_ILA/U_CAPSTOR/I_CASE1.I_YES_TB.U_TRACE_BUFFER/U_RAM/I_V6.U_CS_BRAM_CASCADE_V6/I_DEPTH_LTEQ_32K.U_SBRAM_0/I_B36KGT0.G_RAMB36[2].u_ramb36/U_RAMB36 in unit U0/I_NO_D.U_ILA/U_CAPSTOR/I_CASE1.I_YES_TB.U_TRACE_BUFFER/U_RAM/I_V6.U_CS_BRAM_CASCADE_V6/I_DEPTH_LTEQ_32K.U_SBRAM_0/I_B36KGT0.G_RAMB36[2].u_ramb36/U_RAMB36 of type RAMB36 has been replaced by RAMB36E1
INFO:Xst:1901 - Instance U0/I_NO_D.U_ILA/U_CAPSTOR/I_CASE1.I_YES_TB.U_TRACE_BUFFER/U_RAM/I_V6.U_CS_BRAM_CASCADE_V6/I_DEPTH_LTEQ_32K.U_SBRAM_0/I_B36KGT0.G_RAMB36[3].u_ramb36/U_RAMB36 in unit U0/I_NO_D.U_ILA/U_CAPSTOR/I_CASE1.I_YES_TB.U_TRACE_BUFFER/U_RAM/I_V6.U_CS_BRAM_CASCADE_V6/I_DEPTH_LTEQ_32K.U_SBRAM_0/I_B36KGT0.G_RAMB36[3].u_ramb36/U_RAMB36 of type RAMB36 has been replaced by RAMB36E1
INFO:Xst:1901 - Instance U0/I_NO_D.U_ILA/U_CAPSTOR/I_CASE1.I_YES_TB.U_TRACE_BUFFER/U_RAM/I_V6.U_CS_BRAM_CASCADE_V6/I_DEPTH_LTEQ_32K.U_SBRAM_0/I_B36KGT0.G_RAMB36[4].u_ramb36/U_RAMB36 in unit U0/I_NO_D.U_ILA/U_CAPSTOR/I_CASE1.I_YES_TB.U_TRACE_BUFFER/U_RAM/I_V6.U_CS_BRAM_CASCADE_V6/I_DEPTH_LTEQ_32K.U_SBRAM_0/I_B36KGT0.G_RAMB36[4].u_ramb36/U_RAMB36 of type RAMB36 has been replaced by RAMB36E1
INFO:Xst:1901 - Instance U0/I_NO_D.U_ILA/U_CAPSTOR/I_CASE1.I_YES_TB.U_TRACE_BUFFER/U_RAM/I_V6.U_CS_BRAM_CASCADE_V6/I_DEPTH_LTEQ_32K.U_SBRAM_0/I_B36KGT0.G_RAMB36[5].u_ramb36/U_RAMB36 in unit U0/I_NO_D.U_ILA/U_CAPSTOR/I_CASE1.I_YES_TB.U_TRACE_BUFFER/U_RAM/I_V6.U_CS_BRAM_CASCADE_V6/I_DEPTH_LTEQ_32K.U_SBRAM_0/I_B36KGT0.G_RAMB36[5].u_ramb36/U_RAMB36 of type RAMB36 has been replaced by RAMB36E1
INFO:Xst:1901 - Instance U0/I_NO_D.U_ILA/U_CAPSTOR/I_CASE1.I_YES_TB.U_TRACE_BUFFER/U_RAM/I_V6.U_CS_BRAM_CASCADE_V6/I_DEPTH_LTEQ_32K.U_SBRAM_0/I_B36KGT0.G_RAMB36[6].u_ramb36/U_RAMB36 in unit U0/I_NO_D.U_ILA/U_CAPSTOR/I_CASE1.I_YES_TB.U_TRACE_BUFFER/U_RAM/I_V6.U_CS_BRAM_CASCADE_V6/I_DEPTH_LTEQ_32K.U_SBRAM_0/I_B36KGT0.G_RAMB36[6].u_ramb36/U_RAMB36 of type RAMB36 has been replaced by RAMB36E1
INFO:Xst:1901 - Instance U0/I_NO_D.U_ILA/U_CAPSTOR/I_CASE1.I_YES_TB.U_TRACE_BUFFER/U_RAM/I_V6.U_CS_BRAM_CASCADE_V6/I_DEPTH_LTEQ_32K.U_SBRAM_0/I_B36KGT0.G_RAMB36[7].u_ramb36/U_RAMB36 in unit U0/I_NO_D.U_ILA/U_CAPSTOR/I_CASE1.I_YES_TB.U_TRACE_BUFFER/U_RAM/I_V6.U_CS_BRAM_CASCADE_V6/I_DEPTH_LTEQ_32K.U_SBRAM_0/I_B36KGT0.G_RAMB36[7].u_ramb36/U_RAMB36 of type RAMB36 has been replaced by RAMB36E1
INFO:Xst:1901 - Instance U0/I_NO_D.U_ILA/U_CAPSTOR/I_CASE1.I_YES_TB.U_TRACE_BUFFER/U_RAM/I_V6.U_CS_BRAM_CASCADE_V6/I_DEPTH_LTEQ_32K.U_SBRAM_0/I_B36KGT0.G_RAMB36[8].u_ramb36/U_RAMB36 in unit U0/I_NO_D.U_ILA/U_CAPSTOR/I_CASE1.I_YES_TB.U_TRACE_BUFFER/U_RAM/I_V6.U_CS_BRAM_CASCADE_V6/I_DEPTH_LTEQ_32K.U_SBRAM_0/I_B36KGT0.G_RAMB36[8].u_ramb36/U_RAMB36 of type RAMB36 has been replaced by RAMB36E1
INFO:Xst:1901 - Instance U0/I_NO_D.U_ILA/U_CAPSTOR/I_CASE1.I_YES_TB.U_TRACE_BUFFER/U_RAM/I_V6.U_CS_BRAM_CASCADE_V6/I_DEPTH_LTEQ_32K.U_SBRAM_0/I_B36KGT0.G_RAMB36[9].u_ramb36/U_RAMB36 in unit U0/I_NO_D.U_ILA/U_CAPSTOR/I_CASE1.I_YES_TB.U_TRACE_BUFFER/U_RAM/I_V6.U_CS_BRAM_CASCADE_V6/I_DEPTH_LTEQ_32K.U_SBRAM_0/I_B36KGT0.G_RAMB36[9].u_ramb36/U_RAMB36 of type RAMB36 has been replaced by RAMB36E1
INFO:Xst:1901 - Instance U0/I_NO_D.U_ILA/U_CAPSTOR/I_CASE1.I_YES_TB.U_TRACE_BUFFER/U_RAM/I_V6.U_CS_BRAM_CASCADE_V6/I_DEPTH_LTEQ_32K.U_SBRAM_0/I_B36KGT0.G_RAMB36[10].u_ramb36/U_RAMB36 in unit U0/I_NO_D.U_ILA/U_CAPSTOR/I_CASE1.I_YES_TB.U_TRACE_BUFFER/U_RAM/I_V6.U_CS_BRAM_CASCADE_V6/I_DEPTH_LTEQ_32K.U_SBRAM_0/I_B36KGT0.G_RAMB36[10].u_ramb36/U_RAMB36 of type RAMB36 has been replaced by RAMB36E1
INFO:Xst:1901 - Instance U0/I_NO_D.U_ILA/U_CAPSTOR/I_CASE1.I_YES_TB.U_TRACE_BUFFER/U_RAM/I_V6.U_CS_BRAM_CASCADE_V6/I_DEPTH_LTEQ_32K.U_SBRAM_0/I_B36KGT0.G_RAMB36[11].u_ramb36/U_RAMB36 in unit U0/I_NO_D.U_ILA/U_CAPSTOR/I_CASE1.I_YES_TB.U_TRACE_BUFFER/U_RAM/I_V6.U_CS_BRAM_CASCADE_V6/I_DEPTH_LTEQ_32K.U_SBRAM_0/I_B36KGT0.G_RAMB36[11].u_ramb36/U_RAMB36 of type RAMB36 has been replaced by RAMB36E1
INFO:Xst:1901 - Instance U0/I_NO_D.U_ILA/U_CAPSTOR/I_CASE1.I_YES_TB.U_TRACE_BUFFER/U_RAM/I_V6.U_CS_BRAM_CASCADE_V6/I_DEPTH_LTEQ_32K.U_SBRAM_0/I_B36KGT0.G_RAMB36[12].u_ramb36/U_RAMB36 in unit U0/I_NO_D.U_ILA/U_CAPSTOR/I_CASE1.I_YES_TB.U_TRACE_BUFFER/U_RAM/I_V6.U_CS_BRAM_CASCADE_V6/I_DEPTH_LTEQ_32K.U_SBRAM_0/I_B36KGT0.G_RAMB36[12].u_ramb36/U_RAMB36 of type RAMB36 has been replaced by RAMB36E1
INFO:Xst:1901 - Instance U0/I_NO_D.U_ILA/U_CAPSTOR/I_CASE1.I_YES_TB.U_TRACE_BUFFER/U_RAM/I_V6.U_CS_BRAM_CASCADE_V6/I_DEPTH_LTEQ_32K.U_SBRAM_0/I_B36KGT0.G_RAMB36[13].u_ramb36/U_RAMB36 in unit U0/I_NO_D.U_ILA/U_CAPSTOR/I_CASE1.I_YES_TB.U_TRACE_BUFFER/U_RAM/I_V6.U_CS_BRAM_CASCADE_V6/I_DEPTH_LTEQ_32K.U_SBRAM_0/I_B36KGT0.G_RAMB36[13].u_ramb36/U_RAMB36 of type RAMB36 has been replaced by RAMB36E1
INFO:Xst:1901 - Instance U0/I_NO_D.U_ILA/U_CAPSTOR/I_CASE1.I_YES_TB.U_TRACE_BUFFER/U_RAM/I_V6.U_CS_BRAM_CASCADE_V6/I_DEPTH_LTEQ_32K.U_SBRAM_0/I_B36KGT0.G_RAMB36[14].u_ramb36/U_RAMB36 in unit U0/I_NO_D.U_ILA/U_CAPSTOR/I_CASE1.I_YES_TB.U_TRACE_BUFFER/U_RAM/I_V6.U_CS_BRAM_CASCADE_V6/I_DEPTH_LTEQ_32K.U_SBRAM_0/I_B36KGT0.G_RAMB36[14].u_ramb36/U_RAMB36 of type RAMB36 has been replaced by RAMB36E1

Synthesizing (advanced) Unit <cla_checker>.
Unit <cla_checker> synthesized (advanced).

=========================================================================
Advanced HDL Synthesis Report

Macro Statistics
# Adders/Subtractors                                   : 1
 196-bit adder                                         : 1
# Registers                                            : 782
 Flip-Flops                                            : 782
# Xors                                                 : 1
 1-bit xor4                                            : 1

=========================================================================

=========================================================================
*                         Low Level Synthesis                           *
=========================================================================

ERROR:Xst:528 - Multi-source in Unit <cla_checker> on signal <control0<3>>; this signal is connected to multiple drivers.
Drivers are: 
   Output signal of LUT3 instance <ila_inst/U0/I_NO_D.U_ILA/U_DOUT>
   Output signal of LUT3 instance <icon_inst/U0/I_NO_D.U_ILA/U_DOUT>


Total REAL time to Xst completion: 12.00 secs
Total CPU time to Xst completion: 11.86 secs
 
--> 


Total memory usage is 416112 kilobytes

Number of errors   :    1 (   0 filtered)
Number of warnings :    5 (   0 filtered)
Number of infos    :   16 (   0 filtered)

