MO main_test NULL main1.v vlg74/main__test.bin 1733469172
MO seven_segment_driver NULL seven_segment_driver.v vlg56/seven__segment__driver.bin 1733469172
MO rk2_var2 NULL rk2.v vlg19/rk2__var2.bin 1734549224
MO automata NULL automata.v vlg04/automata.bin 1733469172
MO main NULL main.v vlg2D/main.bin 1733469172
MO lab2_example NULL lab2_example.v vlg44/lab2__example.bin 1731049157
MO rk2_re NULL rk2_re.v vlg25/rk2__re.bin 1734813375
MO led_decode NULL led_decode.v vlg1C/led__decode.bin 1733469172
