MO seven_segment_driver NULL seven_segment_driver.v vlg56/seven__segment__driver.bin 1732281837
MO lab3 NULL lab3.v vlg52/lab3.bin 1732281837
MO main NULL main.v vlg2D/main.bin 1732281837
MO lab2_example NULL lab2_example.v vlg44/lab2__example.bin 1732281837
MO led_decode NULL led_decode.v vlg1C/led__decode.bin 1732281837
